[backblue.gif]
[fade.gif]
[index.html]
[techshore.com/assets/images/categories/mech-h.jpg]
[techshore.com/assets/images/categories/civil-h.jpg]
[www.techshore.com/index.html]
[techshore.com/assets/images/categories/118.jpg]
[techshore.com/assets/images/categories/113.jpg]
[techshore.com/assets/images/categories/112.jpg]
[techshore.com/assets/images/categories/115.jpg]
[www.techshore.com/site.html]
[www.techshore.com/assets/images/favicon.ico]
[www.techshore.com/assets/css/bootstrap.min.css]
[www.techshore.com/assets/css/font-awesome.min.css]
[www.techshore.com/assets/css/themify-icons.css]
[www.techshore.com/assets/css/ionicons.min.css]
[www.techshore.com/assets/css/animate.css]
[www.techshore.com/assets/css/cssanimation.min.css]
[www.techshore.com/assets/css/jquery-ui.min.css]
[www.techshore.com/assets/css/venobox.css]
[www.techshore.com/assets/css/jquery.mmenu.css]
[www.techshore.com/assets/css/slick.css]
[www.techshore.com/assets/css/slick-theme.css]
[www.techshore.com/assets/css/helper.css]
[www.techshore.com/assets/images/techshorepopup.jpg]
[www.techshore.com/assets/images/apply-icon.png]
[www.techshore.com/assets/images/logos/logo-ac12.png]
[www.techshore.com/style.css]
[www.techshore.com/assets/colors/yellow.css]
[www.techshore.com/assets/css/responsive.css]
[www.techshore.com/index-2.html]
[www.techshore.com/course-list.html]
[www.techshore.com/oil_gas.html]
[www.techshore.com/assets/images/icons/search.png]
[www.techshore.com/logistics.html]
[www.techshore.com/assets/images/gallery/tuv.png]
[www.techshore.com/assets/images/gallery/aff16.jpg]
[www.techshore.com/assets/images/icons/career.png]
[www.techshore.com/placement.html]
[www.techshore.com/contact.html]
[www.techshore.com/assets/images/icons/quality.png]
[www.techshore.com/assets/images/icons/global.png]
[www.techshore.com/assets/images/categories/oil-h.jpg]
[www.techshore.com/assets/images/pdf-icon.png]
[www.techshore.com/downloads.html]
[www.techshore.com/qaqc.html]
[www.techshore.com/assets/images/categories/10.jpg]
[www.techshore.com/civil-course.html]
[www.techshore.com/ctsc_objectives.html]
[www.techshore.com/assets/images/icons/ico.png]
[www.techshore.com/assets/images/icons/ics.png]
[www.techshore.com/assets/images/icons/ict.png]
[www.techshore.com/safety.html]
[www.techshore.com/welding.html]
[www.techshore.com/assets/images/icons/icf.png]
[www.techshore.com/assets/images/team/t2.png]
[www.techshore.com/assets/images/team/t1.png]
[www.techshore.com/assets/images/team/t3.png]
[www.techshore.com/electrical_qaqc.html]
[www.techshore.com/assets/images/gallery/aff1.jpg]
[www.techshore.com/assets/images/team/t4.png]
[www.techshore.com/assets/images/gallery/aff2.jpg]
[www.techshore.com/assets/images/gallery/aff3.jpg]
[www.techshore.com/assets/images/gallery/aff5.jpg]
[www.techshore.com/assets/images/gallery/aff6.jpg]
[www.techshore.com/assets/images/gallery/aff7.jpg]
[www.techshore.com/assets/images/gallery/aff9.jpg]
[www.techshore.com/assets/images/gallery/aff12.jpg]
[www.techshore.com/assets/images/gallery/aff11.jpg]
[www.techshore.com/assets/images/gallery/aff10.jpg]
[www.techshore.com/assets/images/gallery/aff14.jpg]
[www.techshore.com/assets/images/gallery/aff15.jpg]
[www.techshore.com/assets/images/gallery/aff13.jpg]
[www.techshore.com/assets/images/gallery/aff17.jpg]
[www.techshore.com/assets/images/gallery/aff18.jpg]
[www.techshore.com/assets/images/gallery/becil.jpg]
[www.techshore.com/assets/images/our placements.jpg]
[www.techshore.com/assets/images/gallery/tuvlogo.png]
[www.techshore.com/assets/images/Recent Placements.jpg]
[www.techshore.com/assets/images/Offshore Placements.jpg]
[www.techshore.com/assets/images/blog/1.jpg]
[www.techshore.com/assets/images/blog/2.jpg]
[www.techshore.com/assets/images/blog/techshore-130118.jpg]
[www.techshore.com/assets/images/testimonials/1.png]
[www.techshore.com/assets/images/testimonials/2.png]
[www.techshore.com/assets/images/testimonials/3.png]
[www.techshore.com/assets/images/testimonials/4.png]
[www.techshore.com/solar.html]
[www.techshore.com/assets/images/logos/phinixlogo.png]
[www.techshore.com/assets/js/vendor/modernizr-3.6.0.min.js]
[www.techshore.com/assets/js/vendor/jquery-migrate-3.0.0.min.js]
[www.techshore.com/assets/js/vendor/jquery-3.3.1.min.js]
[www.techshore.com/gallery.html]
[www.techshore.com/assets/js/jquery-ui.min.js]
[www.techshore.com/assets/js/bootstrap.min.js]
[www.techshore.com/assets/js/jquery.mmenu.js]
[www.techshore.com/assets/js/slick.min.js]
[www.techshore.com/assets/js/venobox.min.js]
[www.techshore.com/assets/js/jquery.counterup.min.js]
[www.techshore.com/assets/js/jquery.countdown.min.js]
[www.techshore.com/assets/js/waypoints.js]
[www.techshore.com/assets/js/plugins.js]
[www.techshore.com/assets/js/letteranimation.min.js]
[www.techshore.com/assets/js/isotope.pkgd.min.js]
[www.techshore.com/assets/fonts/fontawesome-webfontd41dd41d.eot]
[www.techshore.com/assets/fonts/fontawesome-webfont3e6e3e6e.eot]
[www.techshore.com/assets/fonts/fontawesome-webfont3e6e3e6e.woff2]
[www.techshore.com/assets/js/main.js]
[www.techshore.com/assets/fonts/fontawesome-webfont3e6e3e6e.ttf]
[www.techshore.com/assets/fonts/themify9f249f24.eot]
[www.techshore.com/assets/fonts/fontawesome-webfont3e6e3e6e.woff]
[www.techshore.com/assets/fonts/themify9f249f24.woff]
[www.techshore.com/assets/fonts/themifyd41dd41d.eot]
[www.techshore.com/assets/fonts/themify9f249f24.ttf]
[www.techshore.com/assets/fonts/ioniconsf943f943.woff2]
[www.techshore.com/assets/fonts/ioniconsf943f943.eot]
[www.techshore.com/assets/fonts/ioniconsf943f943.woff]
[www.techshore.com/assets/fonts/fontawesome-webfont3e6e3e6e.svg]
[www.techshore.com/assets/fonts/ioniconsf943f943.ttf]
[www.techshore.com/assets/fonts/themify9f249f24.svg]
[www.techshore.com/assets/fonts/ioniconsf943f943.svg]
[www.techshore.com/assets/css/images/ui-bg_inset-hard_100_fcfdfd_1x100.html]
[www.techshore.com/assets/css/images/ui-bg_gloss-wave_55_5c9ccc_500x100.html]
[www.techshore.com/assets/css/images/ui-bg_glass_85_dfeffc_1x400.html]
[www.techshore.com/assets/css/images/ui-bg_glass_75_d0e5f5_1x400.html]
[www.techshore.com/assets/css/images/ui-bg_inset-hard_100_f5f8f9_1x100.html]
[www.techshore.com/assets/css/images/ui-bg_glass_95_fef1ec_1x400.html]
[www.techshore.com/assets/css/images/ui-icons_469bdd_256x240.html]
[www.techshore.com/assets/css/images/ui-icons_d8e7f3_256x240.html]
[www.techshore.com/assets/css/images/ui-icons_6da8d5_256x240.html]
[www.techshore.com/assets/css/images/ui-icons_217bc0_256x240.html]
[www.techshore.com/assets/images/ajax-loader.gif]
[www.techshore.com/assets/css/images/ui-icons_f9bd01_256x240.html]
[www.techshore.com/assets/fonts/slick.eot]
[www.techshore.com/assets/css/images/ui-icons_2e83ff_256x240.html]
[www.techshore.com/assets/fonts/slickd41dd41d.eot]
[www.techshore.com/assets/css/images/ui-icons_cd0a0a_256x240.html]
[www.techshore.com/assets/fonts/slick.woff]
[www.techshore.com/assets/fonts/slick.ttf]
[www.techshore.com/assets/fonts/slick.svg]
[www.techshore.com/assets/fonts/RobotoCondensed-Bold.ttf]
[www.techshore.com/assets/fonts/TitilliumWeb-Regular.ttf]
[www.techshore.com/assets/fonts/Ubuntu-Bold.ttf]
[www.techshore.com/assets/images/banners/1.jpg]
[www.techshore.com/assets/images/banners/2.jpg]
[www.techshore.com/assets/images/banners/4.jpg]
[www.techshore.com/assets/images/banners/3.jpg]
[www.techshore.com/assets/images/bg/1.jpg]
[www.techshore.com/assets/images/events/1.jpg]
[www.techshore.com/assets/images/bg/6.jpg]
[www.techshore.com/assets/images/bg/2.jpg]
[www.techshore.com/assets/images/bg/3.jpg]
[www.techshore.com/assets/images/bg/5.jpg]
[www.techshore.com/assets/images/banners/slide1.jpg]
[www.techshore.com/assets/images/banners/slide3.jpg]
[www.techshore.com/assets/images/banners/slide2.jpg]
[www.techshore.com/assets/images/banners/slide5.jpg]
[www.techshore.com/assets/images/banners/slide4.jpg]
[www.techshore.com/assets/images/banners/slide7.jpg]
[www.techshore.com/assets/images/banners/slide6.jpg]
[www.techshore.com/assets/images/banners/55.jpg]
[www.techshore.com/assets/images/banners/5.jpg]
[www.techshore.com/assets/images/banners/gas-lift-ban.jpg]
[www.techshore.com/assets/images/banners/555.jpg]
[www.techshore.com/assets/images/banners/tp-instrumentation.jpg]
[www.techshore.com/assets/images/banners/bg-welding.jpg]
[www.techshore.com/assets/images/banners/bg-oil-gas.jpg]
[www.techshore.com/assets/images/banners/bg-og-production.jpg]
[www.techshore.com/assets/images/banners/bg-civil-course.jpg]
[www.techshore.com/assets/images/banners/bg-pump-op.jpg]
[www.techshore.com/assets/images/banners/bg-instrumentation.jpg]
[www.techshore.com/assets/images/banners/bg-industrial-automation.jpg]
[www.techshore.com/assets/images/banners/bg-logistics.jpg]
[www.techshore.com/assets/images/banners/bg-mep.jpg]
[www.techshore.com/assets/images/banners/bg-solar.jpg]
[www.techshore.com/assets/images/banners/bg-safety.jpg]
[www.techshore.com/assets/images/banners/bg-cot-process.jpg]
[www.techshore.com/assets/images/banners/bg-ctsc-objectives.jpg]
[www.techshore.com/assets/images/banners/bg-centrifugal.jpg]
[www.techshore.com/assets/images/ad/1.jpg]
[www.techshore.com/icon.png]
[www.techshore.com/assets/images/ad/2.jpg]
[www.techshore.com/assets/images/categories/plumb.jpg]
[www.techshore.com/assets/images/categories/survey.jpg]
[www.techshore.com/mechanical_mep.html]
[www.techshore.com/assets/images/categories/constrct-mgmt.jpg]
[www.techshore.com/assets/images/categories/inds-auto.jpg]
[www.techshore.com/industrial_automation.html]
[www.techshore.com/assets/images/categories/instrumentation-h.jpg]
[www.techshore.com/instrumentation.html]
[www.techshore.com/assets/images/categories/electrical-h.jpg]
[www.techshore.com/assets/images/categories/aviation-thumb.jpg]
[www.techshore.com/aviation_hospitality_management.html]
[www.techshore.com/finance_and_management_diploma.html]
[www.techshore.com/assets/images/categories/prof-acc-thumb.jpg]
[www.techshore.com/Pipe_Fabrication_and_Scaffolding.html]
[www.techshore.com/assets/images/Diploma-oil-gas.jpg]
[www.techshore.com/assets/images/request.png]
[www.techshore.com/assets/assets/images/select_arrow.png]
[www.techshore.com/assets/images/close1.png]
[www.techshore.com/assets/assets/images/select_img.png]
[www.techshore.com/assets/css/course.css]
[www.techshore.com/diploma-oil-gas-technology.html]
[www.techshore.com/certification-in-oil-gas-safety.html]
[www.techshore.com/certified-course-on-drilling-technology.html]
[www.techshore.com/professional_accounting.html]
[www.techshore.com/hotel_management_tourism.html]
[www.techshore.com/bigdata_analytics_python.html]
[www.techshore.com/ctsc_production.html]
[www.techshore.com/ctsc_production_reciprocating_gas.html]
[www.techshore.com/assets/images/oil-wrk.jpg]
[www.techshore.com/tp-gaslift.html]
[www.techshore.com/centrifugal-gas-compressors.html]
[www.techshore.com/pumps_operation.html]
[www.techshore.com/assets/images/oil-sylb.jpg]
[www.techshore.com/assets/images/certification-in-logistics-and-supply-chain-management.jpg]
[www.techshore.com/tp_instrumentation.html]
[www.techshore.com/assets/images/blog/66.jpg]
[www.techshore.com/assets/images/blog/77.jpg]
[www.techshore.com/gas-treatment-operation.html]
[www.techshore.com/carrying-out-process.html]
[www.techshore.com/gas-turbine.html]
[www.techshore.com/assets/images/blog/88.jpg]
[www.techshore.com/assets/images/categories/scm.jpg]
[www.techshore.com/assets/images/placement/pl1.png]
[www.techshore.com/hazardous-areas.html]
[www.techshore.com/og_production.html]
[www.techshore.com/assets/images/placement/pl14.png]
[www.techshore.com/assets/images/placement/pl15.png]
[www.techshore.com/pipe-fabrication.html]
[www.techshore.com/assets/images/placement/pl16.png]
[www.techshore.com/pg-diploma-in-Logistics-supplychain-management.html]
[www.techshore.com/diploma - logistics -supply -chain- management.html]
[www.techshore.com/assets/css/css-prog-bar.css]
[www.techshore.com/assets/images/placement/pl3.png]
[www.techshore.com/assets/images/placement/pl12.png]
[www.techshore.com/assets/images/placement/pl2.png]
[www.techshore.com/assets/images/placement/pl5.png]
[www.techshore.com/assets/images/placement/pl4.png]
[www.techshore.com/assets/images/placement/pl7.png]
[www.techshore.com/assets/images/placement/pl6.png]
[www.techshore.com/assets/images/placement/pl8.png]
[www.techshore.com/assets/images/placement/pl9.png]
[www.techshore.com/assets/images/placement/pl19.png]
[www.techshore.com/assets/images/placement/pl10.png]
[www.techshore.com/assets/images/placement/pl20.png]
[www.techshore.com/assets/images/placement/pl21.png]
[www.techshore.com/assets/images/placement/pl23.png]
[www.techshore.com/assets/images/placement/pl22.png]
[www.techshore.com/assets/images/placement/pl25.png]
[www.techshore.com/assets/images/placement/pl24.png]
[www.techshore.com/assets/images/placement/pl26.png]
[www.techshore.com/assets/images/placement/pl28.png]
[www.techshore.com/assets/images/placement/pl29.png]
[www.techshore.com/assets/images/placement/pl30.png]
[www.techshore.com/assets/images/placement/pl31.png]
[www.techshore.com/assets/images/placement/pl32.png]
[www.techshore.com/assets/images/placement/pl34.png]
[www.techshore.com/assets/images/placement/pl35.png]
[www.techshore.com/assets/images/placement/pl33.png]
[www.techshore.com/assets/images/placement/pl37.png]
[www.techshore.com/assets/images/placement/pl38.png]
[www.techshore.com/assets/images/placement/domestic/3.png]
[www.techshore.com/assets/images/placement/domestic/1.png]
[www.techshore.com/assets/images/placement/domestic/2.png]
[www.techshore.com/assets/images/placement/domestic/4.png]
[www.techshore.com/assets/images/placement/domestic/5.png]
[www.techshore.com/assets/images/placement/domestic/6.png]
[www.techshore.com/assets/images/placement/domestic/7.png]
[www.techshore.com/assets/images/placement/domestic/8.png]
[www.techshore.com/assets/images/placement/domestic/9.png]
[www.techshore.com/assets/images/placement/domestic/10.png]
[www.techshore.com/assets/images/placement/domestic/12.png]
[www.techshore.com/assets/images/placement/domestic/11.png]
[www.techshore.com/assets/images/placement/domestic/13.png]
[www.techshore.com/assets/images/placement/domestic/14.png]
[www.techshore.com/assets/images/placement/domestic/15.png]
[www.techshore.com/assets/images/placement/domestic/17.png]
[www.techshore.com/assets/images/placement/domestic/16.png]
[www.techshore.com/assets/images/placement/domestic/18.png]
[www.techshore.com/assets/images/placement/domestic/19.png]
[www.techshore.com/assets/images/placement/domestic/21.png]
[www.techshore.com/assets/images/placement/domestic/20.png]
[www.techshore.com/assets/images/placement/domestic/23.png]
[www.techshore.com/assets/images/placement/domestic/22.png]
[www.techshore.com/assets/images/placement/domestic/24.png]
[www.techshore.com/assets/images/placement/domestic/25.png]
[www.techshore.com/assets/images/placement/domestic/26.png]
[www.techshore.com/assets/images/placement/domestic/28.png]
[www.techshore.com/assets/images/placement/domestic/27.png]
[www.techshore.com/assets/images/placement/domestic/30.png]
[www.techshore.com/assets/images/placement/domestic/29.png]
[www.techshore.com/assets/images/placement/domestic/31.png]
[www.techshore.com/assets/images/placement/domestic/33.png]
[www.techshore.com/assets/images/placement/domestic/35.jpg]
[www.techshore.com/assets/images/placement/domestic/32.png]
[www.techshore.com/assets/images/placement/domestic/36.png]
[www.techshore.com/assets/images/placement/domestic/35.png]
[www.techshore.com/assets/images/placement/domestic/38.png]
[www.techshore.com/assets/images/placement/domestic/37.jpg]
[www.techshore.com/assets/images/placement/domestic/40.png]
[www.techshore.com/assets/images/placement/domestic/39.png]
[www.techshore.com/assets/images/placement/pl13.png]
[www.techshore.com/assets/images/placement/domestic/41.png]
[www.techshore.com/assets/images/placement/pl18.png]
[www.techshore.com/assets/images/placement/pl11.png]
[www.techshore.com/assets/images/placement/01.png]
[www.techshore.com/assets/images/placement/pl17.png]
[www.techshore.com/assets/images/placement/03.png]
[www.techshore.com/assets/images/placement/02.png]
[www.techshore.com/assets/images/placement/04.png]
[www.techshore.com/assets/images/placement/05.png]
[www.techshore.com/assets/images/placement/07.png]
[www.techshore.com/assets/images/placement/06.png]
[www.techshore.com/assets/images/placement/08.png]
[www.techshore.com/assets/images/placement/09.png]
[www.techshore.com/assets/images/placement/011.png]
[www.techshore.com/assets/images/placement/010.png]
[www.techshore.com/assets/images/placement/012.png]
[www.techshore.com/assets/images/placement/013.png]
[www.techshore.com/assets/images/placement/016.png]
[www.techshore.com/assets/images/placement/014.png]
[www.techshore.com/assets/images/placement/018.png]
[www.techshore.com/assets/images/placement/017.png]
[www.techshore.com/assets/images/placement/020.png]
[www.techshore.com/assets/images/placement/019.png]
[www.techshore.com/assets/images/placement/021.png]
[www.techshore.com/assets/images/placement/022.png]
[www.techshore.com/assets/images/placement/023.png]
[www.techshore.com/assets/images/placement/024.png]
[www.techshore.com/assets/images/placement/026.png]
[www.techshore.com/assets/images/placement/025.png]
[www.techshore.com/assets/images/placement/027.png]
[www.techshore.com/assets/images/placement/028.png]
[www.techshore.com/assets/images/placement/030.png]
[www.techshore.com/assets/images/placement/029.png]
[www.techshore.com/assets/images/placement/031.png]
[www.techshore.com/assets/images/placement/032.png]
[www.techshore.com/assets/images/placement/033.png]
[www.techshore.com/assets/images/logos/logo-ac.png]
[www.techshore.com/assets/Techshore e-Brochure 2022.pdf]
[www.techshore.com/assets/images/categories/civil_dips.jpg]
[www.techshore.com/assets/civilbrochure.pdf]
[www.techshore.com/assets/images/categories/dwnld-brochure.jpg]
[www.techshore.com/assets/images/categories/qaqc-civil.png]
[www.techshore.com/assets/images/categories/welding.jpg]
[www.techshore.com/assets/images/categories/ctsc-img.jpg]
[www.techshore.com/assets/images/categories/ctsc_objectives.jpg]
[www.techshore.com/assets/images/categories/safety-pgm.jpg]
[www.techshore.com/assets/images/categories/safety.jpg]
[www.google.com/recaptcha/api.js]
[www.techshore.com/assets/images/categories/fire-pgm.jpg]
[www.techshore.com/assets/images/categories/wel-img.jpg]
[www.techshore.com/assets/images/categories/electrical- qa-qc.png]
[www.techshore.com/assets/images/categories/solar.jpg]
[www.techshore.com/assets/images/categories/solar-sub.jpg]
[www.techshore.com/https_/index.html]
[www.techshore.com/assets/images/gallery/news1.jpg]
[www.techshore.com/assets/images/gallery/news1-l.jpg]
[www.techshore.com/assets/images/gallery/t111.jpg]
[www.techshore.com/assets/images/gallery/t1.jpg]
[www.techshore.com/assets/images/gallery/o111.jpg]
[www.techshore.com/assets/images/gallery/s5.jpg]
[www.techshore.com/assets/images/gallery/s555.jpg]
[www.techshore.com/assets/images/gallery/o1.jpg]
[www.techshore.com/assets/images/gallery/s10.jpg]
[www.techshore.com/assets/images/gallery/s1000.jpg]
[www.techshore.com/assets/images/gallery/s111.jpg]
[www.techshore.com/assets/images/gallery/s1.jpg]
[www.techshore.com/assets/images/gallery/pl1.jpg]
[www.techshore.com/assets/images/gallery/o222.jpg]
[www.techshore.com/assets/images/gallery/pl1-l.jpg]
[www.techshore.com/assets/images/gallery/o2.jpg]
[www.techshore.com/assets/images/gallery/s666.jpg]
[www.techshore.com/assets/images/gallery/s6.jpg]
[www.techshore.com/assets/images/gallery/pl2-l.jpg]
[www.techshore.com/assets/images/gallery/pl2.jpg]
[www.techshore.com/assets/images/gallery/t222.jpg]
[www.techshore.com/assets/images/gallery/o3.jpg]
[www.techshore.com/assets/images/gallery/t2.jpg]
[www.techshore.com/assets/images/gallery/pl3-l.jpg]
[www.techshore.com/assets/images/gallery/pl3.jpg]
[www.techshore.com/assets/images/gallery/o333.jpg]
[www.techshore.com/assets/images/gallery/s444.jpg]
[www.techshore.com/assets/images/gallery/s4.jpg]
[www.techshore.com/assets/images/gallery/o4.jpg]
[www.techshore.com/assets/images/gallery/o444.jpg]
[www.techshore.com/assets/images/gallery/s999.jpg]
[www.techshore.com/assets/images/gallery/s9.jpg]
[www.techshore.com/assets/images/gallery/pl4.jpg]
[www.techshore.com/assets/images/gallery/pl4-l.jpg]
[www.techshore.com/assets/images/gallery/s222.jpg]
[www.techshore.com/assets/images/gallery/s2.jpg]
[www.techshore.com/assets/images/gallery/o5.jpg]
[www.techshore.com/assets/images/gallery/o555.jpg]
[www.techshore.com/assets/images/gallery/pl5-l.jpg]
[www.techshore.com/assets/images/gallery/pl5.jpg]
[www.techshore.com/assets/images/gallery/s888.jpg]
[www.techshore.com/assets/images/gallery/s8.jpg]
[www.techshore.com/assets/images/gallery/t333.jpg]
[www.techshore.com/assets/images/gallery/t3.jpg]
[www.techshore.com/assets/images/gallery/s7.jpg]
[www.techshore.com/assets/images/gallery/o666.jpg]
[www.techshore.com/assets/images/gallery/o6.jpg]
[www.techshore.com/assets/images/gallery/t4.jpg]
[www.techshore.com/assets/images/gallery/s777.jpg]
[www.techshore.com/assets/images/gallery/pl6-l.jpg]
[www.techshore.com/assets/images/gallery/pl6.jpg]
[www.techshore.com/assets/images/gallery/t444.jpg]
[www.techshore.com/assets/images/gallery/s3.jpg]
[www.techshore.com/assets/images/gallery/s333.jpg]
[www.techshore.com/assets/images/categories/mechanical.jpg]
[www.techshore.com/assets/images/categories/industrial.jpg]
[www.techshore.com/assets/images/categories/industrial-pgm.jpg]
[www.techshore.com/assets/images/categories/instrumentation.jpg]
[www.techshore.com/assets/images/register/4.jpg]
[www.techshore.com/assets/images/categories/prof-acc.jpg]
[www.techshore.com/assets/images/categories/aviation-title.jpg]
[www.techshore.com/assets/assets/images/select_arrow.html]
[www.techshore.com/assets/assets/images/select_img.html]
[www.techshore.com/assets/images/categories/bigdata.jpg]
[www.techshore.com/assets/images/categories/ctsc-operation-ban.jpg]
[www.techshore.com/assets/images/categories/hotel-mgmt.jpg]
[www.techshore.com/assets/images/categories/ctsc-prod-img.jpg]
[www.techshore.com/assets/images/categories/gas-compressor.jpg]
[www.techshore.com/assets/images/categories/prod-recip.jpg]
[www.techshore.com/assets/images/categories/tp-gaslift-img.jpg]
[www.techshore.com/assets/images/categories/tp-gaslift.jpg]
[www.techshore.com/assets/images/categories/centrifugal-gas-compressors.jpg]
[www.techshore.com/assets/images/categories/centrifugal-gas-compressors-img.jpg]
[www.techshore.com/assets/images/categories/pumps_opp_img.jpg]
[www.techshore.com/assets/images/categories/pumps_opp.jpg]
[www.techshore.com/assets/images/categories/tp-instrumentation.jpg]
[www.techshore.com/assets/images/categories/tp-instrumentation-img.jpg]
[www.techshore.com/assets/images/categories/gas-treatment-img.jpg]
[www.techshore.com/assets/images/categories/gas-treatment.jpg]
[www.techshore.com/assets/images/categories/carrying-out-process.jpg]
[www.techshore.com/assets/images/categories/carrying-out-process-img.jpg]
[www.techshore.com/assets/images/categories/gas-turbine.jpg]
[www.techshore.com/assets/images/categories/gas-turbine-img.jpg]
[www.techshore.com/assets/images/categories/hazardous-areas.jpg]
[www.techshore.com/assets/images/categories/og_production.jpg]
[www.techshore.com/assets/images/about/training.jpg]
[www.techshore.com/assets/images/categories/pipe-fab.jpg]
